2026-08-20T14:05:05 INFO __main__ :: Run dir: results/runs/diag_smolvlm22_odibench_medium_2026-08-20_140505
2026-08-20T14:05:05 INFO __main__ :: Prompt key: caption_medium
2026-08-20T14:05:05 INFO __main__ :: Loading model HuggingFaceTB/SmolVLM-Instruct on cuda (dtype=torch.float16)…
2026-08-20T14:05:06 INFO httpx :: HTTP Request: HEAD https://huggingface.co/HuggingFaceTB/SmolVLM-Instruct/resolve/main/processor_config.json "HTTP/1.1 307 Temporary Redirect"
2026-08-20T14:05:06 INFO httpx :: HTTP Request: HEAD https://huggingface.co/api/resolve-cache/models/HuggingFaceTB/SmolVLM-Instruct/81cd9a775a4d644f2faf4e7becff4559b46b14c7/processor_config.json "HTTP/1.1 200 OK"
2026-08-20T14:05:06 INFO httpx :: HTTP Request: GET https://huggingface.co/api/models/HuggingFaceTB/SmolVLM-Instruct/tree/main/additional_chat_templates?recursive=false&expand=false "HTTP/1.1 404 Not Found"
2026-08-20T14:05:06 INFO httpx :: HTTP Request: HEAD https://huggingface.co/HuggingFaceTB/SmolVLM-Instruct/resolve/main/processor_config.json "HTTP/1.1 307 Temporary Redirect"
2026-08-20T14:05:06 WARNING huggingface_hub.utils._http :: Warning: You are sending unauthenticated requests to the HF Hub. Please set a HF_TOKEN to enable higher rate limits and faster downloads.
2026-08-20T14:05:06 INFO httpx :: HTTP Request: HEAD https://huggingface.co/api/resolve-cache/models/HuggingFaceTB/SmolVLM-Instruct/81cd9a775a4d644f2faf4e7becff4559b46b14c7/processor_config.json "HTTP/1.1 200 OK"
2026-08-20T14:05:07 INFO httpx :: HTTP Request: HEAD https://huggingface.co/HuggingFaceTB/SmolVLM-Instruct/resolve/main/chat_template.json "HTTP/1.1 307 Temporary Redirect"
2026-08-20T14:05:07 INFO httpx :: HTTP Request: HEAD https://huggingface.co/api/resolve-cache/models/HuggingFaceTB/SmolVLM-Instruct/81cd9a775a4d644f2faf4e7becff4559b46b14c7/chat_template.json "HTTP/1.1 200 OK"
2026-08-20T14:05:07 INFO httpx :: HTTP Request: HEAD https://huggingface.co/HuggingFaceTB/SmolVLM-Instruct/resolve/main/chat_template.jinja "HTTP/1.1 404 Not Found"
2026-08-20T14:05:07 INFO httpx :: HTTP Request: HEAD https://huggingface.co/HuggingFaceTB/SmolVLM-Instruct/resolve/main/audio_tokenizer_config.json "HTTP/1.1 404 Not Found"
2026-08-20T14:05:07 INFO httpx :: HTTP Request: GET https://huggingface.co/api/models/HuggingFaceTB/SmolVLM-Instruct/tree/main/additional_chat_templates?recursive=false&expand=false "HTTP/1.1 404 Not Found"
2026-08-20T14:05:07 INFO httpx :: HTTP Request: HEAD https://huggingface.co/HuggingFaceTB/SmolVLM-Instruct/resolve/main/processor_config.json "HTTP/1.1 307 Temporary Redirect"
2026-08-20T14:05:07 INFO httpx :: HTTP Request: HEAD https://huggingface.co/api/resolve-cache/models/HuggingFaceTB/SmolVLM-Instruct/81cd9a775a4d644f2faf4e7becff4559b46b14c7/processor_config.json "HTTP/1.1 200 OK"
2026-08-20T14:05:07 INFO httpx :: HTTP Request: HEAD https://huggingface.co/HuggingFaceTB/SmolVLM-Instruct/resolve/main/chat_template.json "HTTP/1.1 307 Temporary Redirect"
2026-08-20T14:05:07 INFO httpx :: HTTP Request: HEAD https://huggingface.co/api/resolve-cache/models/HuggingFaceTB/SmolVLM-Instruct/81cd9a775a4d644f2faf4e7becff4559b46b14c7/chat_template.json "HTTP/1.1 200 OK"
2026-08-20T14:05:08 INFO httpx :: HTTP Request: HEAD https://huggingface.co/HuggingFaceTB/SmolVLM-Instruct/resolve/main/chat_template.jinja "HTTP/1.1 404 Not Found"
2026-08-20T14:05:08 INFO httpx :: HTTP Request: HEAD https://huggingface.co/HuggingFaceTB/SmolVLM-Instruct/resolve/main/audio_tokenizer_config.json "HTTP/1.1 404 Not Found"
2026-08-20T14:05:08 INFO httpx :: HTTP Request: HEAD https://huggingface.co/HuggingFaceTB/SmolVLM-Instruct/resolve/main/processor_config.json "HTTP/1.1 307 Temporary Redirect"
2026-08-20T14:05:08 INFO httpx :: HTTP Request: HEAD https://huggingface.co/api/resolve-cache/models/HuggingFaceTB/SmolVLM-Instruct/81cd9a775a4d644f2faf4e7becff4559b46b14c7/processor_config.json "HTTP/1.1 200 OK"
2026-08-20T14:05:08 INFO httpx :: HTTP Request: HEAD https://huggingface.co/HuggingFaceTB/SmolVLM-Instruct/resolve/main/preprocessor_config.json "HTTP/1.1 307 Temporary Redirect"
2026-08-20T14:05:08 INFO httpx :: HTTP Request: HEAD https://huggingface.co/api/resolve-cache/models/HuggingFaceTB/SmolVLM-Instruct/81cd9a775a4d644f2faf4e7becff4559b46b14c7/preprocessor_config.json "HTTP/1.1 200 OK"
2026-08-20T14:05:08 INFO httpx :: HTTP Request: HEAD https://huggingface.co/HuggingFaceTB/SmolVLM-Instruct/resolve/main/processor_config.json "HTTP/1.1 307 Temporary Redirect"
2026-08-20T14:05:08 INFO httpx :: HTTP Request: HEAD https://huggingface.co/api/resolve-cache/models/HuggingFaceTB/SmolVLM-Instruct/81cd9a775a4d644f2faf4e7becff4559b46b14c7/processor_config.json "HTTP/1.1 200 OK"
2026-08-20T14:05:08 INFO httpx :: HTTP Request: HEAD https://huggingface.co/HuggingFaceTB/SmolVLM-Instruct/resolve/main/preprocessor_config.json "HTTP/1.1 307 Temporary Redirect"
2026-08-20T14:05:08 INFO httpx :: HTTP Request: HEAD https://huggingface.co/api/resolve-cache/models/HuggingFaceTB/SmolVLM-Instruct/81cd9a775a4d644f2faf4e7becff4559b46b14c7/preprocessor_config.json "HTTP/1.1 200 OK"
2026-08-20T14:05:09 INFO httpx :: HTTP Request: HEAD https://huggingface.co/HuggingFaceTB/SmolVLM-Instruct/resolve/main/config.json "HTTP/1.1 307 Temporary Redirect"
2026-08-20T14:05:09 INFO httpx :: HTTP Request: HEAD https://huggingface.co/api/resolve-cache/models/HuggingFaceTB/SmolVLM-Instruct/81cd9a775a4d644f2faf4e7becff4559b46b14c7/config.json "HTTP/1.1 200 OK"
2026-08-20T14:05:09 INFO httpx :: HTTP Request: HEAD https://huggingface.co/HuggingFaceTB/SmolVLM-Instruct/resolve/main/tokenizer_config.json "HTTP/1.1 307 Temporary Redirect"
2026-08-20T14:05:09 INFO httpx :: HTTP Request: HEAD https://huggingface.co/api/resolve-cache/models/HuggingFaceTB/SmolVLM-Instruct/81cd9a775a4d644f2faf4e7becff4559b46b14c7/tokenizer_config.json "HTTP/1.1 200 OK"
2026-08-20T14:05:09 INFO httpx :: HTTP Request: GET https://huggingface.co/api/models/HuggingFaceTB/SmolVLM-Instruct/tree/main/additional_chat_templates?recursive=false&expand=false "HTTP/1.1 404 Not Found"
2026-08-20T14:05:09 INFO httpx :: HTTP Request: GET https://huggingface.co/api/models/HuggingFaceTB/SmolVLM-Instruct/tree/main?recursive=true&expand=false "HTTP/1.1 200 OK"
2026-08-20T14:05:09 INFO httpx :: HTTP Request: HEAD https://huggingface.co/HuggingFaceTB/SmolVLM-Instruct/resolve/main/config.json "HTTP/1.1 307 Temporary Redirect"
2026-08-20T14:05:09 INFO httpx :: HTTP Request: HEAD https://huggingface.co/api/resolve-cache/models/HuggingFaceTB/SmolVLM-Instruct/81cd9a775a4d644f2faf4e7becff4559b46b14c7/config.json "HTTP/1.1 200 OK"
2026-08-20T14:05:10 INFO httpx :: HTTP Request: HEAD https://huggingface.co/HuggingFaceTB/SmolVLM-Instruct/resolve/main/generation_config.json "HTTP/1.1 307 Temporary Redirect"
2026-08-20T14:05:10 INFO httpx :: HTTP Request: HEAD https://huggingface.co/api/resolve-cache/models/HuggingFaceTB/SmolVLM-Instruct/81cd9a775a4d644f2faf4e7becff4559b46b14c7/generation_config.json "HTTP/1.1 200 OK"
2026-08-20T14:05:11 INFO __main__ :: Loaded. n_layers=24
2026-08-20T14:05:13 INFO vr_modality_bias.experiment.reference :: [indoor_0] caption_ref: The image depicts a panoramic view of an interior space within what appears to b...
2026-08-20T14:05:15 INFO vr_modality_bias.experiment.reference :: [indoor_1] caption_ref: The image depicts a person standing inside what appears to be a building. On the...
2026-08-20T14:05:16 INFO vr_modality_bias.experiment.reference :: [indoor_10] caption_ref: The image depicts a wide-angle interior view of an abandoned house. The perspect...
2026-08-20T14:05:18 INFO vr_modality_bias.experiment.reference :: [indoor_100] caption_ref: The image depicts a group of people sitting around a table at a restaurant or ca...
2026-08-20T14:05:20 INFO vr_modality_bias.experiment.reference :: [indoor_101] caption_ref: The image shows a long shot of a wood shop, including several workers around var...
2026-08-20T14:05:21 INFO vr_modality_bias.experiment.reference :: [indoor_102] caption_ref: The image is a fisheye lens view of an old building with a central door open, sh...
2026-08-20T14:05:22 INFO vr_modality_bias.experiment.reference :: [indoor_103] caption_ref: The image is a 360-degree panoramic photograph of a room with various equipment ...
2026-08-20T14:05:24 INFO vr_modality_bias.experiment.reference :: [indoor_104] caption_ref: The image is a 360-degree panorama of what appears to be an artist's studio. It ...
2026-08-20T14:05:26 INFO vr_modality_bias.experiment.reference :: [indoor_105] caption_ref: The image depicts a scene inside what appears to be an airport terminal or bus s...
2026-08-20T14:05:28 INFO vr_modality_bias.experiment.reference :: [indoor_106] caption_ref: The image depicts an indoor space that appears to be an office or conference roo...
2026-08-20T14:05:29 INFO vr_modality_bias.experiment.reference :: [indoor_107] caption_ref: The image is a 360-degree view of a modern house. The walls are made of wood wit...
2026-08-20T14:05:30 INFO vr_modality_bias.experiment.reference :: [indoor_108] caption_ref: The image is a 360-degree panorama taken inside a busy restaurant. The interior ...
2026-08-20T14:05:32 INFO vr_modality_bias.experiment.reference :: [indoor_109] caption_ref: The image is a full frame 3D perspective of what appears to be an indoor gatheri...
2026-08-20T14:05:34 INFO vr_modality_bias.experiment.reference :: [indoor_11] caption_ref: The image is a wide shot of an interior space. There are two distinct areas show...
2026-08-20T14:05:34 INFO vr_modality_bias.experiment.reference :: [indoor_110] caption_ref: The image is a 360-degree panoramic view of a dormitory room. In this room there...
2026-08-20T14:05:36 INFO vr_modality_bias.experiment.reference :: [indoor_111] caption_ref: The image is a 360-degree panoramic view of an indoor restaurant bar area filled...
2026-08-20T14:05:37 INFO vr_modality_bias.experiment.reference :: [indoor_112] caption_ref: The image shows an indoor area with a curved wooden floor. On the left side of t...
2026-08-20T14:05:39 INFO vr_modality_bias.experiment.reference :: [indoor_113] caption_ref: The image is a full-frame photograph taken inside a modern cafe with large windo...
2026-08-20T14:05:41 INFO vr_modality_bias.experiment.reference :: [indoor_114] caption_ref: The provided facts allow for a detailed description of the image, which can then...
2026-08-20T14:05:42 INFO vr_modality_bias.experiment.reference :: [indoor_115] caption_ref: The image shows a panoramic view of a college dorm room, featuring two twin beds...
2026-08-20T14:05:44 INFO vr_modality_bias.experiment.reference :: [indoor_116] caption_ref: The image is a high-resolution 360-degree panorama taken inside a ballet studio ...
2026-08-20T14:05:46 INFO vr_modality_bias.experiment.reference :: [indoor_117] caption_ref: The image displays a wide-angle panoramic view of an indoor store with several o...
2026-08-20T14:05:48 INFO vr_modality_bias.experiment.reference :: [indoor_118] caption_ref: The image displays a wide-angle view of a dorm room, capturing the entire space ...
2026-08-20T14:05:48 INFO vr_modality_bias.experiment.reference :: [indoor_119] caption_ref: The room is furnished with a bed, which has floral sheets on it, and a few piece...
2026-08-20T14:05:50 INFO vr_modality_bias.experiment.reference :: [indoor_12] caption_ref: The image depicts a partial view of an inner room with green walls. In the foreg...
2026-08-20T14:05:52 INFO vr_modality_bias.experiment.reference :: [indoor_120] caption_ref: The image is a 360-degree panoramic view of what appears to be a large living ro...
2026-08-20T14:05:53 INFO vr_modality_bias.experiment.reference :: [indoor_121] caption_ref: The image shows an unorganized bedroom with boxes of various sizes stacked high ...
2026-08-20T14:05:55 INFO vr_modality_bias.experiment.reference :: [indoor_122] caption_ref: The image shows a 360-degree view of an industrial building with a wooden interi...
2026-08-20T14:05:56 INFO vr_modality_bias.experiment.reference :: [indoor_123] caption_ref: This is a 360-degree view of what appears to be an empty kitchen/laboratory spac...
2026-08-20T14:05:58 INFO vr_modality_bias.experiment.reference :: [indoor_124] caption_ref: The image is a fisheye photograph of a woman standing on a spiral staircase. The...
2026-08-20T14:06:02 INFO vr_modality_bias.experiment.reference :: [indoor_125] caption_ref: The image depicts a well-furnished bathroom with a modern design. The room is sp...
2026-08-20T14:06:04 INFO vr_modality_bias.experiment.reference :: [indoor_126] caption_ref: The image depicts a music performance taking place in what appears to be a cover...
2026-08-20T14:06:05 INFO vr_modality_bias.experiment.reference :: [indoor_127] caption_ref: The image is a high-angle panoramic view of a busy marketplace with multiple sho...
2026-08-20T14:06:09 INFO vr_modality_bias.experiment.reference :: [indoor_128] caption_ref: The image depicts a full-view 360° panoramic view of a house hallway with both d...
2026-08-20T14:06:10 INFO vr_modality_bias.experiment.reference :: [indoor_129] caption_ref: The image is a full-length fisheye view of the interior of a modern hotel lobby....
2026-08-20T14:06:12 INFO vr_modality_bias.experiment.reference :: [indoor_13] caption_ref: This is a fisheye photo taken from the corner of a large conference room. The wa...
2026-08-20T14:06:13 INFO vr_modality_bias.experiment.reference :: [indoor_130] caption_ref: The image shows a 360-degree panorama of a museum hangar filled with vintage air...
2026-08-20T14:06:14 INFO vr_modality_bias.experiment.reference :: [indoor_131] caption_ref: A fisheye photograph taken at a crowded tourist attraction shows people holding ...
2026-08-20T14:06:16 INFO vr_modality_bias.experiment.reference :: [indoor_132] caption_ref: The image is a fisheye view of the interior of a building. There are several peo...
2026-08-20T14:06:18 INFO vr_modality_bias.experiment.reference :: [indoor_133] caption_ref: The image depicts a room with an ornate structure containing a large, three-dime...
2026-08-20T14:06:20 INFO vr_modality_bias.experiment.reference :: [indoor_134] caption_ref: The image is a 360-degree panorama of a large indoor area likely used for an eve...
2026-08-20T14:06:21 INFO vr_modality_bias.experiment.reference :: [indoor_135] caption_ref: The image is a wide fisheye shot of a room inside an establishment with people i...
2026-08-20T14:06:23 INFO vr_modality_bias.experiment.reference :: [indoor_136] caption_ref: The image is a 360-degree panorama of a modern room with high ceilings, multiple...
2026-08-20T14:06:25 INFO vr_modality_bias.experiment.reference :: [indoor_137] caption_ref: The image displays a lively scene inside what appears to be a bar or cafe establ...
2026-08-20T14:06:26 INFO vr_modality_bias.experiment.reference :: [indoor_138] caption_ref: The image is a panoramic view of a modern building interior. The large open spac...
2026-08-20T14:06:27 INFO vr_modality_bias.experiment.reference :: [indoor_139] caption_ref: The image shows a conference room with multiple tables and chairs arranged in a ...
2026-08-20T14:06:28 INFO vr_modality_bias.experiment.reference :: [indoor_14] caption_ref: The image is a fisheye view of an unfinished hallway. A person with their back f...
2026-08-20T14:06:29 INFO vr_modality_bias.experiment.reference :: [indoor_140] caption_ref: The image is a 360-degree view of a supermarket aisle filled with various bevera...
2026-08-20T14:06:30 INFO vr_modality_bias.experiment.reference :: [indoor_141] caption_ref: A banana display is set up inside a grocery store. The bananas are arranged on f...
2026-08-20T14:06:32 INFO vr_modality_bias.experiment.reference :: [indoor_142] caption_ref: The image is a 360-degree view of a storeroom filled with various products. The ...
2026-08-20T14:06:33 INFO vr_modality_bias.experiment.reference :: [indoor_143] caption_ref: The image shows a view of an indoor basketball game with players on the court. T...
2026-08-20T14:06:35 INFO vr_modality_bias.experiment.reference :: [indoor_144] caption_ref: The image is a full-length photograph of people sitting around a table. The scen...
2026-08-20T14:06:37 INFO vr_modality_bias.experiment.reference :: [indoor_145] caption_ref: The image is a 360-degree panorama of a dressing room with multiple individuals ...
2026-08-20T14:06:38 INFO vr_modality_bias.experiment.reference :: [indoor_146] caption_ref: The image depicts a conference room with a large rectangular table at the center...
2026-08-20T14:06:40 INFO vr_modality_bias.experiment.reference :: [indoor_147] caption_ref: The image depicts a social gathering of individuals in what appears to be a livi...
2026-08-20T14:06:41 INFO vr_modality_bias.experiment.reference :: [indoor_148] caption_ref: The image is a high definition panoramic photograph taken indoors of seven peopl...
2026-08-20T14:06:43 INFO vr_modality_bias.experiment.reference :: [indoor_149] caption_ref: The image depicts a large indoor market with various stalls selling different go...
2026-08-20T14:06:45 INFO vr_modality_bias.experiment.reference :: [indoor_15] caption_ref: The image depicts a high angle view of an indoor space with glass walls on all s...
2026-08-20T14:06:46 INFO vr_modality_bias.experiment.reference :: [indoor_150] caption_ref: The image is a 360-degree panoramic view of a tent inside of which there are sev...
2026-08-20T14:06:47 INFO vr_modality_bias.experiment.reference :: [indoor_151] caption_ref: The image depicts a conference room with chairs arranged neatly on a patterned p...
2026-08-20T14:06:49 INFO vr_modality_bias.experiment.reference :: [indoor_152] caption_ref: The image is a full view of an auditorium with musical instruments on stage. On ...
2026-08-20T14:06:51 INFO vr_modality_bias.experiment.reference :: [indoor_153] caption_ref: The image displays a variety of scenes captured in an interior space with a mode...
2026-08-20T14:06:53 INFO vr_modality_bias.experiment.reference :: [indoor_154] caption_ref: The image is a full panoramic shot of a large conference room filled with people...
2026-08-20T14:06:54 INFO vr_modality_bias.experiment.reference :: [indoor_155] caption_ref: The image is a wide panoramic shot of an event held inside a modern building wit...
2026-08-20T14:06:55 INFO vr_modality_bias.experiment.reference :: [indoor_156] caption_ref: The image is a full 360-degree panorama of an art gallery with several people st...
2026-08-20T14:06:57 INFO vr_modality_bias.experiment.reference :: [indoor_157] caption_ref: The image depicts a camping scene inside a tent. The tent appears to be an open ...
2026-08-20T14:06:59 INFO vr_modality_bias.experiment.reference :: [indoor_158] caption_ref: The image is a panoramic photograph taken inside of a dining room. There are sev...
2026-08-20T14:07:00 INFO vr_modality_bias.experiment.reference :: [indoor_159] caption_ref: This is a picture of the inside of a motorcycle shop. The seats are white leathe...
2026-08-20T14:07:02 INFO vr_modality_bias.experiment.reference :: [indoor_16] caption_ref: The image depicts a dining room at a restaurant. There is a large open space wit...
2026-08-20T14:07:02 INFO vr_modality_bias.experiment.reference :: [indoor_160] caption_ref: A store has many items on display including Route 66 signs, hats, and clothing.
2026-08-20T14:07:03 INFO vr_modality_bias.experiment.reference :: [indoor_161] caption_ref: The image is a 360-degree view of a coffee shop. There are several people standi...
2026-08-20T14:07:04 INFO vr_modality_bias.experiment.reference :: [indoor_162] caption_ref: This is a panoramic shot of the Wal's Fine Art Gallery. There are many different...
2026-08-20T14:07:06 INFO vr_modality_bias.experiment.reference :: [indoor_163] caption_ref: The image displays a wide-angle panorama of an indoor motorcycle showroom. The g...
2026-08-20T14:07:07 INFO vr_modality_bias.experiment.reference :: [indoor_164] caption_ref: The image displays a spacious indoor motorcycle repair facility with multiple mo...
2026-08-20T14:07:08 INFO vr_modality_bias.experiment.reference :: [indoor_165] caption_ref: The image is a 360-degree panoramic photograph taken inside a large, colorful ch...
2026-08-20T14:07:11 INFO vr_modality_bias.experiment.reference :: [indoor_166] caption_ref: The interior of a large home is shown in a 360-degree panoramic view. The floor ...
2026-08-20T14:07:12 INFO vr_modality_bias.experiment.reference :: [indoor_167] caption_ref: The image is a panoramic shot of a large, empty hall with high ceilings supporte...
2026-08-20T14:07:14 INFO vr_modality_bias.experiment.reference :: [indoor_168] caption_ref: The image is a full-length stereoscopic view of a bar inside a building. There a...
2026-08-20T14:07:16 INFO vr_modality_bias.experiment.reference :: [indoor_169] caption_ref: The image is a full 360-degree panorama of an abandoned dormitory room, likely b...
2026-08-20T14:07:18 INFO vr_modality_bias.experiment.reference :: [indoor_17] caption_ref: The image depicts a wide indoor shot of what appears to be a restaurant or cafe ...
2026-08-20T14:07:19 INFO vr_modality_bias.experiment.reference :: [indoor_170] caption_ref: The image is a full 360° panorama of a bar, with two bartenders and patrons stan...
2026-08-20T14:07:21 INFO vr_modality_bias.experiment.reference :: [indoor_171] caption_ref: The image depicts a lively indoor carousel with various brightly colored and int...
2026-08-20T14:07:23 INFO vr_modality_bias.experiment.reference :: [indoor_172] caption_ref: The image is a 360-degree panorama of a carnival. The foreground shows two child...
2026-08-20T14:07:24 INFO vr_modality_bias.experiment.reference :: [indoor_173] caption_ref: The image is a 360-degree panoramic view of a carousel at an amusement park. It ...
2026-08-20T14:07:26 INFO vr_modality_bias.experiment.reference :: [indoor_174] caption_ref: The image depicts a subway platform with several people waiting for a train. In ...
2026-08-20T14:07:27 INFO vr_modality_bias.experiment.reference :: [indoor_175] caption_ref: The image is a 360-degree perspective of a shopping mall with various stores. Th...
2026-08-20T14:07:29 INFO vr_modality_bias.experiment.reference :: [indoor_176] caption_ref: The image displays a first-person point of view inside a large hotel room with a...
2026-08-20T14:07:31 INFO vr_modality_bias.experiment.reference :: [indoor_177] caption_ref: The image depicts a modern airport lounge area with a seating arrangement of mul...
2026-08-20T14:07:33 INFO vr_modality_bias.experiment.reference :: [indoor_178] caption_ref: The image shows a perspective view of an airplane cabin interior. The seats are ...
2026-08-20T14:07:34 INFO vr_modality_bias.experiment.reference :: [indoor_179] caption_ref: The image shows a modern living room with expansive views of the exterior. The r...
2026-08-20T14:07:36 INFO vr_modality_bias.experiment.reference :: [indoor_18] caption_ref: The image is a 360-degree panorama of what appears to be a restaurant. It shows ...
2026-08-20T14:07:37 INFO vr_modality_bias.experiment.reference :: [indoor_180] caption_ref: The image is a wide-angle view of a 360-degree corridor with people walking down...
2026-08-20T14:07:39 INFO vr_modality_bias.experiment.reference :: [indoor_181] caption_ref: This is a photograph taken by a person lying down with their head towards the bo...
2026-08-20T14:07:41 INFO vr_modality_bias.experiment.reference :: [indoor_182] caption_ref: The image depicts a scene inside what appears to be a restaurant with an extensi...
2026-08-20T14:07:42 INFO vr_modality_bias.experiment.reference :: [indoor_183] caption_ref: The image is a 360-degree photograph taken inside a restaurant with several peop...
2026-08-20T14:07:44 INFO vr_modality_bias.experiment.reference :: [indoor_184] caption_ref: The image is a photorealistic 3D rendering of an interior space, likely depictin...
2026-08-20T14:07:45 INFO vr_modality_bias.experiment.reference :: [indoor_185] caption_ref: The image is a panoramic view of an airplane cabin. It shows several rows of sea...
2026-08-20T14:07:47 INFO vr_modality_bias.experiment.reference :: [indoor_186] caption_ref: The image displays a full 360-degree view of an interior scene on a bus, likely ...
2026-08-20T14:07:49 INFO vr_modality_bias.experiment.reference :: [indoor_187] caption_ref: The image shows an interior view of a commercial airplane cabin full of passenge...
2026-08-20T14:07:51 INFO vr_modality_bias.experiment.reference :: [indoor_188] caption_ref: The image displays a panoramic view of a museum or other public venue, likely an...
2026-08-20T14:07:51 INFO __main__ :: Wrote 100 caption(s) to results/runs/diag_smolvlm22_odibench_medium_2026-08-20_140505/ref_captions.jsonl.
